{"version":8,"type":"context-options","origin":"library","browserName":"chromium","playwrightVersion":"1.62.1","options":{"noDefaultViewport":false,"viewport":{"width":1280,"height":720},"ignoreHTTPSErrors":false,"javaScriptEnabled":true,"bypassCSP":false,"userAgent":"Mozilla/5.0 (Windows NT 10.0; Win64; x64) AppleWebKit/537.36 (KHTML, like Gecko) Chrome/151.0.7922.34 Safari/537.36","locale":"en-US","offline":false,"deviceScaleFactor":1,"isMobile":false,"hasTouch":false,"colorScheme":"light","acceptDownloads":"accept","baseURL":"http://127.0.0.1:3000","serviceWorkers":"allow","selectorEngines":[],"testIdAttributeName":"data-testid"},"platform":"win32","wallTime":1786461313124,"monotonicTime":11047.352,"sdkLanguage":"javascript","testIdAttributeName":"data-testid","contextId":"browser-context@c1e6130058ef649ec19094b9fa2722a5","title":"v2-exam-taking.spec.ts:34 › anonymous learner can answer all three V2 types, restore draft, submit, and recover a safe receipt"}
{"type":"before","callId":"call@16","startTime":11050.832,"class":"BrowserContext","method":"newPage","params":{},"stepId":"pw:api@30"}
{"type":"event","time":11115.614,"class":"BrowserContext","method":"page","params":{"pageId":"page@17f22872fbb039abcb72fefe510334d6"}}
{"type":"after","callId":"call@16","endTime":11115.682,"result":{"page":"<Page>"}}
{"type":"before","callId":"call@18","startTime":11119.279,"class":"Frame","method":"goto","params":{"url":"/exam-v2/thpt-math-v2-sample","waitUntil":"load"},"stepId":"pw:api@31","pageId":"page@17f22872fbb039abcb72fefe510334d6","beforeSnapshot":"before@call@18"}
{"type":"frame-snapshot","snapshot":{"callId":"call@18","snapshotName":"before@call@18","pageId":"page@17f22872fbb039abcb72fefe510334d6","frameId":"frame@fd0d0637b56a0274b8fbc5a24188860a","frameUrl":"about:blank","html":["HTML",{},["HEAD",{},["BASE",{"href":"about:blank"}]],["BODY"]],"viewport":{"width":1280,"height":720},"timestamp":11122.867,"wallTime":1786461313199,"collectionTime":0.8999999761581421,"resourceOverrides":[],"isMainFrame":true}}
{"type":"log","callId":"call@18","time":11123.728,"message":"navigating to \"http://127.0.0.1:3000/exam-v2/thpt-math-v2-sample\", waiting until \"load\""}
{"type":"screencast-frame","pageId":"page@17f22872fbb039abcb72fefe510334d6","sha1":"page@17f22872fbb039abcb72fefe510334d6-1786461313605.jpeg","width":1280,"height":720,"timestamp":11528.449,"frameSwapWallTime":1786461313602.702}
{"type":"screencast-frame","pageId":"page@17f22872fbb039abcb72fefe510334d6","sha1":"page@17f22872fbb039abcb72fefe510334d6-1786461313737.jpeg","width":1280,"height":720,"timestamp":11660.671,"frameSwapWallTime":1786461313733.685}
{"type":"console","messageType":"info","text":"%cDownload the React DevTools for a better development experience: https://react.dev/link/react-devtools font-weight:bold","args":[{"preview":"%cDownload the React DevTools for a better development experience: https://react.dev/link/react-devtools","value":"%cDownload the React DevTools for a better development experience: https://react.dev/link/react-devtools"},{"preview":"font-weight:bold","value":"font-weight:bold"}],"location":{"url":"http://127.0.0.1:3000/_next/static/chunks/node_modules_next_dist_115brz8._.js","lineNumber":2431,"columnNumber":27},"time":11734.387,"pageId":"page@17f22872fbb039abcb72fefe510334d6"}
{"type":"after","callId":"call@18","endTime":11843.71,"result":{"response":"<Response>"},"afterSnapshot":"after@call@18"}
{"type":"console","messageType":"error","text":"WebSocket connection to 'ws://127.0.0.1:3000/_next/webpack-hmr?id=6SjJ1vORwPTgXJMVrajfl' failed: Error during WebSocket handshake: net::ERR_INVALID_HTTP_RESPONSE","args":[],"location":{"url":"http://127.0.0.1:3000/_next/static/chunks/node_modules_next_dist_client_0fhqo1d._.js","lineNumber":13299,"columnNumber":0},"time":11844.722,"pageId":"page@17f22872fbb039abcb72fefe510334d6"}
{"type":"screencast-frame","pageId":"page@17f22872fbb039abcb72fefe510334d6","sha1":"page@17f22872fbb039abcb72fefe510334d6-1786461313922.jpeg","width":1280,"height":720,"timestamp":11845.048,"frameSwapWallTime":1786461313913.827}
{"type":"screencast-frame","pageId":"page@17f22872fbb039abcb72fefe510334d6","sha1":"page@17f22872fbb039abcb72fefe510334d6-1786461313927.jpeg","width":1280,"height":720,"timestamp":11850.675,"frameSwapWallTime":1786461313925.3572}
{"type":"frame-snapshot","snapshot":{"callId":"call@18","snapshotName":"after@call@18","pageId":"page@17f22872fbb039abcb72fefe510334d6","frameId":"frame@fd0d0637b56a0274b8fbc5a24188860a","frameUrl":"http://127.0.0.1:3000/exam-v2/thpt-math-v2-sample","doctype":"html","html":["HTML",{"lang":"vi"},["HEAD",{},["BASE",{"href":"http://127.0.0.1:3000/exam-v2/thpt-math-v2-sample"}],["META",{"charset":"utf-8"}],["META",{"name":"viewport","content":"width=device-width, initial-scale=1"}],["LINK",{"rel":"stylesheet","href":"/_next/static/chunks/src_app_globals_0p2ml0n.css","data-precedence":"next_static/chunks/src_app_globals_0p2ml0n.css"}],["LINK",{"rel":"stylesheet","href":"/_next/static/chunks/node_modules_katex_dist_katex_min_0cr.d5_.css","data-precedence":"next_static/chunks/node_modules_katex_dist_katex_min_0cr.d5_.css"}],["TITLE",{},"ManMath | Luyện đề Toán THPT"],["META",{"name":"description","content":"Nền tảng luyện đề Toán THPT với giao diện tập trung, đồng hồ bấm giờ và xem lại kết quả chi tiết."}],["LINK",{"rel":"preconnect","crossorigin":"","href":"/"}],["STYLE",{},"@font-face{font-family:'__nextjs-Geist';font-style:normal;font-weight:400 600;font-display:swap;src:url(/__nextjs_font/geist-latin-ext.woff2) format('woff2');unicode-range:U+0100-02BA,U+02BD-02C5,U+02C7-02CC,U+02CE-02D7,U+02DD-02FF,U+0304,U+0308,U+0329,U+1D00-1DBF,U+1E00-1E9F,U+1EF2-1EFF,U+2020,U+20A0-20AB,U+20AD-20C0,U+2113,U+2C60-2C7F,U+A720-A7FF}@font-face{font-family:'__nextjs-Geist Mono';font-style:normal;font-weight:400 600;font-display:swap;src:url(/__nextjs_font/geist-mono-latin-ext.woff2) format('woff2');unicode-range:U+0100-02BA,U+02BD-02C5,U+02C7-02CC,U+02CE-02D7,U+02DD-02FF,U+0304,U+0308,U+0329,U+1D00-1DBF,U+1E00-1E9F,U+1EF2-1EFF,U+2020,U+20A0-20AB,U+20AD-20C0,U+2113,U+2C60-2C7F,U+A720-A7FF}@font-face{font-family:'__nextjs-Geist';font-style:normal;font-weight:400 600;font-display:swap;src:url(/__nextjs_font/geist-latin.woff2) format('woff2');unicode-range:U+0000-00FF,U+0131,U+0152-0153,U+02BB-02BC,U+02C6,U+02DA,U+02DC,U+0304,U+0308,U+0329,U+2000-206F,U+20AC,U+2122,U+2191,U+2193,U+2212,U+2215,U+FEFF,U+FFFD}@font-face{font-family:'__nextjs-Geist Mono';font-style:normal;font-weight:400 600;font-display:swap;src:url(/__nextjs_font/geist-mono-latin.woff2) format('woff2');unicode-range:U+0000-00FF,U+0131,U+0152-0153,U+02BB-02BC,U+02C6,U+02DA,U+02DC,U+0304,U+0308,U+0329,U+2000-206F,U+20AC,U+2122,U+2191,U+2193,U+2212,U+2215,U+FEFF,U+FFFD}"]],["BODY",{"class":"bg-background text-text-primary antialiased","style":"font-family:ui-sans-serif, system-ui, -apple-system, BlinkMacSystemFont, \"Segoe UI\", Roboto, \"Helvetica Neue\", Arial, sans-serif"},["DIV",{"hidden":""}],["MAIN",{"class":"min-h-[100dvh] bg-background px-4 py-8 text-text-primary"},["DIV",{"class":"mx-auto max-w-7xl animate-pulse space-y-5"},["DIV",{"class":"h-16 rounded-xl bg-background-alt"}],["DIV",{"class":"h-80 rounded-xl border border-border bg-surface"}]]]]],"viewport":{"width":1280,"height":720},"timestamp":11880.787,"wallTime":1786461313940,"collectionTime":0.8999999761581421,"resourceOverrides":[],"isMainFrame":true}}
{"type":"screencast-frame","pageId":"page@17f22872fbb039abcb72fefe510334d6","sha1":"page@17f22872fbb039abcb72fefe510334d6-1786461313958.jpeg","width":1280,"height":720,"timestamp":11880.964,"frameSwapWallTime":1786461313952.094}
{"type":"before","callId":"call@20","startTime":11884.125,"title":"Expect \"toHaveCount\"","class":"Frame","method":"expect","params":{"selector":"internal:role=radio","expression":"to.have.count","expectedNumber":4,"expectedValue":{"value":{"v":"undefined"},"handles":[]},"isNot":false,"timeout":5000},"stepId":"expect@32","pageId":"page@17f22872fbb039abcb72fefe510334d6","beforeSnapshot":"before@call@20"}
{"type":"screencast-frame","pageId":"page@17f22872fbb039abcb72fefe510334d6","sha1":"page@17f22872fbb039abcb72fefe510334d6-1786461313961.jpeg","width":1280,"height":720,"timestamp":11884.52,"frameSwapWallTime":1786461313956.37}
{"type":"frame-snapshot","snapshot":{"callId":"call@20","snapshotName":"before@call@20","pageId":"page@17f22872fbb039abcb72fefe510334d6","frameId":"frame@fd0d0637b56a0274b8fbc5a24188860a","frameUrl":"http://127.0.0.1:3000/exam-v2/thpt-math-v2-sample","doctype":"html","html":[[1,18]],"viewport":{"width":1280,"height":720},"timestamp":11885.388,"wallTime":1786461313962,"collectionTime":0.19999998807907104,"resourceOverrides":[],"isMainFrame":true}}
{"type":"log","callId":"call@20","time":11886.077,"message":"Expect \"toHaveCount\" with timeout 5000ms"}
{"type":"log","callId":"call@20","time":11886.088,"message":"waiting for getByRole('radio')"}
{"type":"screencast-frame","pageId":"page@17f22872fbb039abcb72fefe510334d6","sha1":"page@17f22872fbb039abcb72fefe510334d6-1786461313975.jpeg","width":1280,"height":720,"timestamp":11898.34,"frameSwapWallTime":1786461313972.532}
{"type":"log","callId":"call@20","time":11903.61,"message":"  locator resolved to 0 elements"}
{"type":"log","callId":"call@20","time":11903.64,"message":"  unexpected value \"0\""}
{"type":"screencast-frame","pageId":"page@17f22872fbb039abcb72fefe510334d6","sha1":"page@17f22872fbb039abcb72fefe510334d6-1786461313991.jpeg","width":1280,"height":720,"timestamp":11914.453,"frameSwapWallTime":1786461313989.3032}
{"type":"log","callId":"call@20","time":11929.08,"message":"  locator resolved to 0 elements"}
{"type":"log","callId":"call@20","time":11929.1,"message":"  unexpected value \"0\""}
{"type":"screencast-frame","pageId":"page@17f22872fbb039abcb72fefe510334d6","sha1":"page@17f22872fbb039abcb72fefe510334d6-1786461314009.jpeg","width":1280,"height":720,"timestamp":11932.096,"frameSwapWallTime":1786461314006.8691}
{"type":"screencast-frame","pageId":"page@17f22872fbb039abcb72fefe510334d6","sha1":"page@17f22872fbb039abcb72fefe510334d6-1786461314026.jpeg","width":1280,"height":720,"timestamp":11949.912,"frameSwapWallTime":1786461314024.438}
{"type":"screencast-frame","pageId":"page@17f22872fbb039abcb72fefe510334d6","sha1":"page@17f22872fbb039abcb72fefe510334d6-1786461314041.jpeg","width":1280,"height":720,"timestamp":11964.86,"frameSwapWallTime":1786461314039.539}
{"type":"screencast-frame","pageId":"page@17f22872fbb039abcb72fefe510334d6","sha1":"page@17f22872fbb039abcb72fefe510334d6-1786461314058.jpeg","width":1280,"height":720,"timestamp":11981.184,"frameSwapWallTime":1786461314056.281}
{"type":"log","callId":"call@20","time":11982.815,"message":"  locator resolved to 0 elements"}
{"type":"log","callId":"call@20","time":11982.831,"message":"  unexpected value \"0\""}
{"type":"screencast-frame","pageId":"page@17f22872fbb039abcb72fefe510334d6","sha1":"page@17f22872fbb039abcb72fefe510334d6-1786461314080.jpeg","width":1280,"height":720,"timestamp":12003.079,"frameSwapWallTime":1786461314076.812}
{"type":"screencast-frame","pageId":"page@17f22872fbb039abcb72fefe510334d6","sha1":"page@17f22872fbb039abcb72fefe510334d6-1786461314091.jpeg","width":1280,"height":720,"timestamp":12013.987,"frameSwapWallTime":1786461314088.956}
{"type":"screencast-frame","pageId":"page@17f22872fbb039abcb72fefe510334d6","sha1":"page@17f22872fbb039abcb72fefe510334d6-1786461314109.jpeg","width":1280,"height":720,"timestamp":12032.94,"frameSwapWallTime":1786461314107.1118}
{"type":"screencast-frame","pageId":"page@17f22872fbb039abcb72fefe510334d6","sha1":"page@17f22872fbb039abcb72fefe510334d6-1786461314126.jpeg","width":1280,"height":720,"timestamp":12049.355,"frameSwapWallTime":1786461314123.947}
{"type":"screencast-frame","pageId":"page@17f22872fbb039abcb72fefe510334d6","sha1":"page@17f22872fbb039abcb72fefe510334d6-1786461314142.jpeg","width":1280,"height":720,"timestamp":12065.491,"frameSwapWallTime":1786461314140.2}
{"type":"screencast-frame","pageId":"page@17f22872fbb039abcb72fefe510334d6","sha1":"page@17f22872fbb039abcb72fefe510334d6-1786461314157.jpeg","width":1280,"height":720,"timestamp":12080.8,"frameSwapWallTime":1786461314155.4512}
{"type":"log","callId":"call@20","time":12084.14,"message":"  locator resolved to 0 elements"}
{"type":"log","callId":"call@20","time":12084.158,"message":"  unexpected value \"0\""}
{"type":"screencast-frame","pageId":"page@17f22872fbb039abcb72fefe510334d6","sha1":"page@17f22872fbb039abcb72fefe510334d6-1786461314175.jpeg","width":1280,"height":720,"timestamp":12098.043,"frameSwapWallTime":1786461314172.001}
{"type":"screencast-frame","pageId":"page@17f22872fbb039abcb72fefe510334d6","sha1":"page@17f22872fbb039abcb72fefe510334d6-1786461314191.jpeg","width":1280,"height":720,"timestamp":12114.685,"frameSwapWallTime":1786461314189.5872}
{"type":"screencast-frame","pageId":"page@17f22872fbb039abcb72fefe510334d6","sha1":"page@17f22872fbb039abcb72fefe510334d6-1786461314212.jpeg","width":1280,"height":720,"timestamp":12135.105,"frameSwapWallTime":1786461314209.573}
{"type":"screencast-frame","pageId":"page@17f22872fbb039abcb72fefe510334d6","sha1":"page@17f22872fbb039abcb72fefe510334d6-1786461314224.jpeg","width":1280,"height":720,"timestamp":12147.365,"frameSwapWallTime":1786461314222.251}
{"type":"screencast-frame","pageId":"page@17f22872fbb039abcb72fefe510334d6","sha1":"page@17f22872fbb039abcb72fefe510334d6-1786461314241.jpeg","width":1280,"height":720,"timestamp":12164.278,"frameSwapWallTime":1786461314239.555}
{"type":"screencast-frame","pageId":"page@17f22872fbb039abcb72fefe510334d6","sha1":"page@17f22872fbb039abcb72fefe510334d6-1786461314258.jpeg","width":1280,"height":720,"timestamp":12181.826,"frameSwapWallTime":1786461314257.0889}
{"type":"log","callId":"call@20","time":12185.931,"message":"  locator resolved to 0 elements"}
{"type":"log","callId":"call@20","time":12185.945,"message":"  unexpected value \"0\""}
{"type":"screencast-frame","pageId":"page@17f22872fbb039abcb72fefe510334d6","sha1":"page@17f22872fbb039abcb72fefe510334d6-1786461314274.jpeg","width":1280,"height":720,"timestamp":12197.836,"frameSwapWallTime":1786461314272.865}
{"type":"screencast-frame","pageId":"page@17f22872fbb039abcb72fefe510334d6","sha1":"page@17f22872fbb039abcb72fefe510334d6-1786461314290.jpeg","width":1280,"height":720,"timestamp":12213.496,"frameSwapWallTime":1786461314288.651}
{"type":"screencast-frame","pageId":"page@17f22872fbb039abcb72fefe510334d6","sha1":"page@17f22872fbb039abcb72fefe510334d6-1786461314314.jpeg","width":1280,"height":720,"timestamp":12237.485,"frameSwapWallTime":1786461314310.61}
{"type":"screencast-frame","pageId":"page@17f22872fbb039abcb72fefe510334d6","sha1":"page@17f22872fbb039abcb72fefe510334d6-1786461314327.jpeg","width":1280,"height":720,"timestamp":12250.228,"frameSwapWallTime":1786461314324.316}
{"type":"screencast-frame","pageId":"page@17f22872fbb039abcb72fefe510334d6","sha1":"page@17f22872fbb039abcb72fefe510334d6-1786461314341.jpeg","width":1280,"height":720,"timestamp":12264.825,"frameSwapWallTime":1786461314340.03}
{"type":"screencast-frame","pageId":"page@17f22872fbb039abcb72fefe510334d6","sha1":"page@17f22872fbb039abcb72fefe510334d6-1786461314359.jpeg","width":1280,"height":720,"timestamp":12282.451,"frameSwapWallTime":1786461314357.138}
{"type":"screencast-frame","pageId":"page@17f22872fbb039abcb72fefe510334d6","sha1":"page@17f22872fbb039abcb72fefe510334d6-1786461314377.jpeg","width":1280,"height":720,"timestamp":12300.347,"frameSwapWallTime":1786461314374.8691}
{"type":"screencast-frame","pageId":"page@17f22872fbb039abcb72fefe510334d6","sha1":"page@17f22872fbb039abcb72fefe510334d6-1786461314391.jpeg","width":1280,"height":720,"timestamp":12314.916,"frameSwapWallTime":1786461314389.6912}
{"type":"screencast-frame","pageId":"page@17f22872fbb039abcb72fefe510334d6","sha1":"page@17f22872fbb039abcb72fefe510334d6-1786461314409.jpeg","width":1280,"height":720,"timestamp":12331.992,"frameSwapWallTime":1786461314406.74}
{"type":"screencast-frame","pageId":"page@17f22872fbb039abcb72fefe510334d6","sha1":"page@17f22872fbb039abcb72fefe510334d6-1786461314425.jpeg","width":1280,"height":720,"timestamp":12348.789,"frameSwapWallTime":1786461314423.275}
{"type":"screencast-frame","pageId":"page@17f22872fbb039abcb72fefe510334d6","sha1":"page@17f22872fbb039abcb72fefe510334d6-1786461314441.jpeg","width":1280,"height":720,"timestamp":12364.697,"frameSwapWallTime":1786461314439.754}
{"type":"screencast-frame","pageId":"page@17f22872fbb039abcb72fefe510334d6","sha1":"page@17f22872fbb039abcb72fefe510334d6-1786461314458.jpeg","width":1280,"height":720,"timestamp":12381.506,"frameSwapWallTime":1786461314456.717}
{"type":"screencast-frame","pageId":"page@17f22872fbb039abcb72fefe510334d6","sha1":"page@17f22872fbb039abcb72fefe510334d6-1786461314474.jpeg","width":1280,"height":720,"timestamp":12397.354,"frameSwapWallTime":1786461314471.921}
{"type":"screencast-frame","pageId":"page@17f22872fbb039abcb72fefe510334d6","sha1":"page@17f22872fbb039abcb72fefe510334d6-1786461314675.jpeg","width":1280,"height":720,"timestamp":12598.811,"frameSwapWallTime":1786461314673.136}
{"type":"log","callId":"call@20","time":12693.954,"message":"  locator resolved to 0 elements"}
{"type":"log","callId":"call@20","time":12693.99,"message":"  unexpected value \"0\""}
{"type":"screencast-frame","pageId":"page@17f22872fbb039abcb72fefe510334d6","sha1":"page@17f22872fbb039abcb72fefe510334d6-1786461314891.jpeg","width":1280,"height":720,"timestamp":12814.039,"frameSwapWallTime":1786461314889.2551}
{"type":"console","messageType":"error","text":"WebSocket connection to 'ws://127.0.0.1:3000/_next/webpack-hmr?id=6SjJ1vORwPTgXJMVrajfl' failed: Error during WebSocket handshake: net::ERR_INVALID_HTTP_RESPONSE","args":[],"location":{"url":"http://127.0.0.1:3000/_next/static/chunks/node_modules_next_dist_client_0fhqo1d._.js","lineNumber":13299,"columnNumber":0},"time":12844.049,"pageId":"page@17f22872fbb039abcb72fefe510334d6"}
{"type":"screencast-frame","pageId":"page@17f22872fbb039abcb72fefe510334d6","sha1":"page@17f22872fbb039abcb72fefe510334d6-1786461315108.jpeg","width":1280,"height":720,"timestamp":13031.522,"frameSwapWallTime":1786461315106.684}
{"type":"log","callId":"call@20","time":13198.086,"message":"  locator resolved to 0 elements"}
{"type":"log","callId":"call@20","time":13198.106,"message":"  unexpected value \"0\""}
{"type":"screencast-frame","pageId":"page@17f22872fbb039abcb72fefe510334d6","sha1":"page@17f22872fbb039abcb72fefe510334d6-1786461315323.jpeg","width":1280,"height":720,"timestamp":13246.516,"frameSwapWallTime":1786461315321.75}
{"type":"screencast-frame","pageId":"page@17f22872fbb039abcb72fefe510334d6","sha1":"page@17f22872fbb039abcb72fefe510334d6-1786461315541.jpeg","width":1280,"height":720,"timestamp":13464.827,"frameSwapWallTime":1786461315539.649}
{"type":"screencast-frame","pageId":"page@17f22872fbb039abcb72fefe510334d6","sha1":"page@17f22872fbb039abcb72fefe510334d6-1786461315758.jpeg","width":1280,"height":720,"timestamp":13681.589,"frameSwapWallTime":1786461315756.352}
{"type":"log","callId":"call@20","time":13703.171,"message":"  locator resolved to 0 elements"}
{"type":"log","callId":"call@20","time":13703.184,"message":"  unexpected value \"0\""}
{"type":"console","messageType":"error","text":"WebSocket connection to 'ws://127.0.0.1:3000/_next/webpack-hmr?id=6SjJ1vORwPTgXJMVrajfl' failed: Error during WebSocket handshake: net::ERR_INVALID_HTTP_RESPONSE","args":[],"location":{"url":"http://127.0.0.1:3000/_next/static/chunks/node_modules_next_dist_client_0fhqo1d._.js","lineNumber":13299,"columnNumber":0},"time":13859.449,"pageId":"page@17f22872fbb039abcb72fefe510334d6"}
{"type":"screencast-frame","pageId":"page@17f22872fbb039abcb72fefe510334d6","sha1":"page@17f22872fbb039abcb72fefe510334d6-1786461315975.jpeg","width":1280,"height":720,"timestamp":13897.976,"frameSwapWallTime":1786461315973.208}
{"type":"screencast-frame","pageId":"page@17f22872fbb039abcb72fefe510334d6","sha1":"page@17f22872fbb039abcb72fefe510334d6-1786461316191.jpeg","width":1280,"height":720,"timestamp":14114.154,"frameSwapWallTime":1786461316188.965}
{"type":"log","callId":"call@20","time":14217.661,"message":"  locator resolved to 0 elements"}
{"type":"log","callId":"call@20","time":14217.689,"message":"  unexpected value \"0\""}
{"type":"screencast-frame","pageId":"page@17f22872fbb039abcb72fefe510334d6","sha1":"page@17f22872fbb039abcb72fefe510334d6-1786461316412.jpeg","width":1280,"height":720,"timestamp":14335.244,"frameSwapWallTime":1786461316408.515}
{"type":"screencast-frame","pageId":"page@17f22872fbb039abcb72fefe510334d6","sha1":"page@17f22872fbb039abcb72fefe510334d6-1786461316626.jpeg","width":1280,"height":720,"timestamp":14549.476,"frameSwapWallTime":1786461316623.737}
{"type":"log","callId":"call@20","time":14720.162,"message":"  locator resolved to 0 elements"}
{"type":"log","callId":"call@20","time":14720.175,"message":"  unexpected value \"0\""}
{"type":"screencast-frame","pageId":"page@17f22872fbb039abcb72fefe510334d6","sha1":"page@17f22872fbb039abcb72fefe510334d6-1786461316840.jpeg","width":1280,"height":720,"timestamp":14763.542,"frameSwapWallTime":1786461316838.773}
{"type":"console","messageType":"error","text":"WebSocket connection to 'ws://127.0.0.1:3000/_next/webpack-hmr?id=6SjJ1vORwPTgXJMVrajfl' failed: Error during WebSocket handshake: net::ERR_INVALID_HTTP_RESPONSE","args":[],"location":{"url":"http://127.0.0.1:3000/_next/static/chunks/node_modules_next_dist_client_0fhqo1d._.js","lineNumber":13299,"columnNumber":0},"time":14876.562,"pageId":"page@17f22872fbb039abcb72fefe510334d6"}
{"type":"screencast-frame","pageId":"page@17f22872fbb039abcb72fefe510334d6","sha1":"page@17f22872fbb039abcb72fefe510334d6-1786461317059.jpeg","width":1280,"height":720,"timestamp":14982.824,"frameSwapWallTime":1786461317056.203}
{"type":"screencast-frame","pageId":"page@17f22872fbb039abcb72fefe510334d6","sha1":"page@17f22872fbb039abcb72fefe510334d6-1786461317274.jpeg","width":1280,"height":720,"timestamp":15197.246,"frameSwapWallTime":1786461317271.963}
{"type":"log","callId":"call@20","time":15234.575,"message":"  locator resolved to 0 elements"}
{"type":"log","callId":"call@20","time":15234.59,"message":"  unexpected value \"0\""}
{"type":"screencast-frame","pageId":"page@17f22872fbb039abcb72fefe510334d6","sha1":"page@17f22872fbb039abcb72fefe510334d6-1786461317493.jpeg","width":1280,"height":720,"timestamp":15416.361,"frameSwapWallTime":1786461317489.646}
{"type":"screencast-frame","pageId":"page@17f22872fbb039abcb72fefe510334d6","sha1":"page@17f22872fbb039abcb72fefe510334d6-1786461317707.jpeg","width":1280,"height":720,"timestamp":15630.89,"frameSwapWallTime":1786461317706.157}
{"type":"log","callId":"call@20","time":15737.828,"message":"  locator resolved to 0 elements"}
{"type":"log","callId":"call@20","time":15737.844,"message":"  unexpected value \"0\""}
{"type":"screencast-frame","pageId":"page@17f22872fbb039abcb72fefe510334d6","sha1":"page@17f22872fbb039abcb72fefe510334d6-1786461317908.jpeg","width":1280,"height":720,"timestamp":15831.627,"frameSwapWallTime":1786461317906.5051}
{"type":"console","messageType":"error","text":"WebSocket connection to 'ws://127.0.0.1:3000/_next/webpack-hmr?id=6SjJ1vORwPTgXJMVrajfl' failed: Error during WebSocket handshake: net::ERR_INVALID_HTTP_RESPONSE","args":[],"location":{"url":"http://127.0.0.1:3000/_next/static/chunks/node_modules_next_dist_client_0fhqo1d._.js","lineNumber":13299,"columnNumber":0},"time":15881.754,"pageId":"page@17f22872fbb039abcb72fefe510334d6"}
{"type":"screencast-frame","pageId":"page@17f22872fbb039abcb72fefe510334d6","sha1":"page@17f22872fbb039abcb72fefe510334d6-1786461318124.jpeg","width":1280,"height":720,"timestamp":16047.884,"frameSwapWallTime":1786461318122.772}
{"type":"log","callId":"call@20","time":16240.211,"message":"  locator resolved to 0 elements"}
{"type":"log","callId":"call@20","time":16240.23,"message":"  unexpected value \"0\""}
{"type":"screencast-frame","pageId":"page@17f22872fbb039abcb72fefe510334d6","sha1":"page@17f22872fbb039abcb72fefe510334d6-1786461318341.jpeg","width":1280,"height":720,"timestamp":16264.52,"frameSwapWallTime":1786461318339.35}
{"type":"screencast-frame","pageId":"page@17f22872fbb039abcb72fefe510334d6","sha1":"page@17f22872fbb039abcb72fefe510334d6-1786461318557.jpeg","width":1280,"height":720,"timestamp":16480.783,"frameSwapWallTime":1786461318555.212}
{"type":"screencast-frame","pageId":"page@17f22872fbb039abcb72fefe510334d6","sha1":"page@17f22872fbb039abcb72fefe510334d6-1786461318774.jpeg","width":1280,"height":720,"timestamp":16697.858,"frameSwapWallTime":1786461318773.04}
{"type":"log","callId":"call@20","time":16748.686,"message":"  locator resolved to 0 elements"}
{"type":"log","callId":"call@20","time":16748.704,"message":"  unexpected value \"0\""}
{"type":"after","callId":"call@20","endTime":16891.523,"error":{"message":"Expect failed","stack":"ExpectError: Expect failed\n    at _Frame.expect (C:\\Users\\LOQ\\Desktop\\manmath\\frontend\\node_modules\\playwright-core\\lib\\coreBundle.js:23785:17)\n    at _FrameDispatcher.expect (C:\\Users\\LOQ\\Desktop\\manmath\\frontend\\node_modules\\playwright-core\\lib\\coreBundle.js:54544:11)\n    at _ProgressController.run (C:\\Users\\LOQ\\Desktop\\manmath\\frontend\\node_modules\\playwright-core\\lib\\coreBundle.js:12149:27)\n    at DispatcherConnection.dispatch (C:\\Users\\LOQ\\Desktop\\manmath\\frontend\\node_modules\\playwright-core\\lib\\coreBundle.js:18775:27)","name":"ExpectError"},"afterSnapshot":"after@call@20"}
{"type":"frame-snapshot","snapshot":{"callId":"call@20","snapshotName":"after@call@20","pageId":"page@17f22872fbb039abcb72fefe510334d6","frameId":"frame@fd0d0637b56a0274b8fbc5a24188860a","frameUrl":"http://127.0.0.1:3000/exam-v2/thpt-math-v2-sample","doctype":"html","html":[[2,18]],"viewport":{"width":1280,"height":720},"timestamp":16893.412,"wallTime":1786461318970,"collectionTime":0.40000003576278687,"resourceOverrides":[],"isMainFrame":true}}
